{
  "log_id": "data_output_20260719165027885399_91cb2aaa",
  "timestamp": "2026-07-19T16:50:27.885439",
  "activity_type": "data_output",
  "source": "system",
  "content": {
    "status": "success",
    "user_id": "usr_12345",
    "created_at": "2026-07-19T16:50:27.885392"
  },
  "content_hash": "cb18a88e381c68c48e653044f168c7bcb7963f658166aacc8544f3d42d741837",
  "line_count": 1,
  "metadata": {
    "endpoint": "/api/users",
    "method": "POST",
    "data_type": "api_response"
  },
  "system": "DataMerge Branch Digital",
  "version": "1.0.0"
}