{
  "log_id": "data_input_20260719165027885169_0de5d58a",
  "timestamp": "2026-07-19T16:50:27.885212",
  "activity_type": "data_input",
  "source": "manual",
  "content": {
    "name": "John Doe",
    "email": "john@example.com",
    "action": "create"
  },
  "content_hash": "17a06940a7b493180f8b2fcd02acebc2c5c48f0ac7191475f1e847111b75ba00",
  "line_count": 1,
  "metadata": {
    "source": "web_form",
    "ip_address": "192.168.1.1",
    "data_type": "user_registration"
  },
  "system": "DataMerge Branch Digital",
  "version": "1.0.0"
}