{
  "log_id": "merge_conflict_20260719165027886948_a7bea629",
  "timestamp": "2026-07-19T16:50:27.886991",
  "activity_type": "merge_conflict",
  "source": "github",
  "content": "Resolved conflicts in 2 files",
  "content_hash": "93d975b738ed1cc14e8be2f93bcb113da305c97995da41e712e99e7d418a0481",
  "line_count": 1,
  "metadata": {
    "resolved_by": "senior_developer",
    "time_taken_minutes": 15,
    "conflicted_files": [
      "config.json",
      "settings.yaml"
    ],
    "resolution": "Manual resolution: kept both configurations with merged values"
  },
  "system": "DataMerge Branch Digital",
  "version": "1.0.0"
}