{
  "log_id": "git_commit_20260719165027884159_83868958",
  "timestamp": "2026-07-19T16:50:27.884205",
  "activity_type": "git_commit",
  "source": "github",
  "content": "Add new fibonacci function and optimize existing code",
  "content_hash": "f5858f683613993f24629b472e61f7058334fd974ed360dfa719b10bb3207a77",
  "line_count": 1,
  "metadata": {
    "author": "developer@example.com",
    "reviewer": "senior@example.com",
    "commit_hash": "abc123def456",
    "files_changed": [
      "fibonacci.py",
      "test_fibonacci.py",
      "README.md"
    ],
    "branch": "main"
  },
  "system": "DataMerge Branch Digital",
  "version": "1.0.0"
}