{
  "log_id": "git_commit_20260719164220183846_a16d3647",
  "timestamp": "2026-07-19T16:42:20.183911",
  "activity_type": "git_commit",
  "source": "github",
  "content": "Initial setup of DataMerge Branch Digital monitoring system",
  "content_hash": "14f16ede33c0feca729ebbd4ba24a112de0983c6fb08f9be800ac9bae2844d25",
  "line_count": 1,
  "metadata": {
    "author": "coder_qwen_ai",
    "branch": "main",
    "commit_hash": "abc123def456",
    "files_changed": [
      "logger.py",
      "config.json",
      "index.html"
    ]
  },
  "system": "DataMerge Branch Digital",
  "version": "1.0.0"
}