{
  "log_id": "git_pull_20260719164220185781_ee719014",
  "timestamp": "2026-07-19T16:42:20.185799",
  "activity_type": "git_pull",
  "source": "github",
  "content": "Pulled from main",
  "content_hash": "a6e65bb3f2c907ee116d237a315edadfa143967eb60f8cb347a5f4421e675baa",
  "line_count": 1,
  "metadata": {
    "remote": "origin",
    "status": "success",
    "branch": "main",
    "commits": [
      "abc123",
      "def456"
    ]
  },
  "system": "DataMerge Branch Digital",
  "version": "1.0.0"
}