{
  "log_id": "git_pull_20260719165027884412_520a0336",
  "timestamp": "2026-07-19T16:50:27.884456",
  "activity_type": "git_pull",
  "source": "github",
  "content": "Pulled from main",
  "content_hash": "a6e65bb3f2c907ee116d237a315edadfa143967eb60f8cb347a5f4421e675baa",
  "line_count": 1,
  "metadata": {
    "remote": "origin",
    "changes": "+150 -30",
    "branch": "main",
    "commits": [
      "abc123",
      "def456",
      "ghi789"
    ]
  },
  "system": "DataMerge Branch Digital",
  "version": "1.0.0"
}