{
  "log_id": "pull_request_20260719165027884931_bea1deff",
  "timestamp": "2026-07-19T16:50:27.884977",
  "activity_type": "pull_request",
  "source": "github",
  "content": "Implementasi fungsi fibonacci dengan unit tests lengkap",
  "content_hash": "a02713cbacebac0b3d0db20011c39cdd48d5345c0da8945f0d9369091da22998",
  "line_count": 1,
  "metadata": {
    "assignee": "developer",
    "labels": [
      "enhancement",
      "tested"
    ],
    "pr_number": 42,
    "title": "Add Fibonacci Implementation",
    "branch_from": "feature/fibonacci",
    "branch_to": "main"
  },
  "system": "DataMerge Branch Digital",
  "version": "1.0.0"
}